// Jest Snapshot v1, https://goo.gl/fbAQLP

exports[`home-page renders correctly 1`] = `"<home-page class=\\"hydrated\\"><div><div class=\\"u-centered u-super u-letter-box-super\\"><typd-logo class=\\"hydrated\\"></typd-logo></div><div class=\\"u-centered u-small\\"><stencil-route-link class=\\"hydrated\\"><a class=\\"c-link\\" href=\\"/join\\">Create an account</a></stencil-route-link><div class=\\"u-display-inline-block u-pillar-box-medium\\">or</div><stencil-route-link class=\\"hydrated\\"><a class=\\"c-link\\" href=\\"/login\\">login</a></stencil-route-link><div class=\\"u-letter-box-large\\"></div></div></div></home-page>"`;
