// Jest Snapshot v1, https://goo.gl/fbAQLP

exports[`home-page renders correctly 1`] = `"<home-page class=\\"hydrated\\"><div><div class=\\"u-centered u-xlarge\\"><h1 class=\\"c-heading u-super u-serif\\">typd</h1><h2 class=\\"c-heading u-window-box-none u-small u-serif\\">Words.</h2><div class=\\"u-letter-box-xlarge\\"><i class=\\"fa-fw fas fa-book-reader fa-5x\\" aria-hidden=\\"\\"></i></div></div><div class=\\"u-centered\\"><stencil-route-link class=\\"hydrated\\"><a class=\\"c-link\\" href=\\"/join\\">Create an account</a></stencil-route-link></div><div class=\\"u-centered u-letter-box-large\\"><stencil-route-link class=\\"hydrated\\"><a class=\\"c-link\\" href=\\"/login\\">Login</a></stencil-route-link></div></div></home-page>"`;
